{
  "cleanupObserver": true,
  "fixtureExitCode": 1,
  "temporaryDirectoriesCreated": 1,
  "temporaryDirectoriesRemaining": 1,
  "servers": [
    {
      "address": null,
      "closed": false
    }
  ]
}
node:events:487
      throw er; // Unhandled 'error' event
      ^

Error: listen EPERM: operation not permitted 127.0.0.1
    at Server.setupListenHandle [as _listen2] (node:net:1986:21)
    at listenInCluster (node:net:2065:12)
    at node:net:2274:7
    at process.processTicksAndRejections (node:internal/process/task_queues:90:21)
Emitted 'error' event on Server instance at:
    at emitErrorNT (node:net:2044:8)
    at process.processTicksAndRejections (node:internal/process/task_queues:90:21) {
  code: 'EPERM',
  errno: -1,
  syscall: 'listen',
  address: '127.0.0.1'
}

Node.js v24.15.0
