final-minor:pack:sdk:passed
final-minor:extract:sdk:passed
final-minor:extract:error-codes:passed
final-minor:pack:runtime-core:passed
final-minor:extract:runtime-core:passed
final-minor:pack:runtime:passed
final-minor:extract:runtime:passed
final-minor:pack:webpack-bundler-runtime:passed
final-minor:extract:webpack-bundler-runtime:passed
final-minor:pack:runtime-tools:passed
final-minor:extract:runtime-tools:passed
final-minor:pack:inject-external-runtime-core-plugin:passed
final-minor:extract:inject-external-runtime-core-plugin:passed
final-minor:strict:consumer.mts:passed
final-minor:strict:consumer.cts:passed
final-minor:strict:consumer.mts+consumer.cts:passed
final-minor:strict:readonly-negative:rejected
final-minor:api:esm:passed
final-minor:api:cjs:passed
final-minor:old7aca:extract-actual-core:passed
final-minor:old7aca:esm:minimum-contract+legacy:passed
final-minor:old7aca:cjs:minimum-contract+legacy:passed
final-minor:old94aa:compiled-namespace-minimum-contract+legacy:passed
