final-major-complete:pack:sdk:passed
final-major-complete:extract:sdk:passed
final-major-complete:extract:error-codes:passed
final-major-complete:pack:runtime-core:passed
final-major-complete:extract:runtime-core:passed
final-major-complete:pack:runtime:passed
final-major-complete:extract:runtime:passed
final-major-complete:pack:webpack-bundler-runtime:passed
final-major-complete:extract:webpack-bundler-runtime:passed
final-major-complete:pack:runtime-tools:passed
final-major-complete:extract:runtime-tools:passed
final-major-complete:pack:inject-external-runtime-core-plugin:passed
final-major-complete:extract:inject-external-runtime-core-plugin:passed
final-major-complete:strict:consumer.mts:passed
final-major-complete:strict:consumer.cts:passed
final-major-complete:strict:consumer.mts+consumer.cts:passed
final-major-complete:strict:readonly-negative:rejected
final-major-complete:api:esm:passed
final-major-complete:api:cjs:passed
final-major-complete:old7aca:extract-actual-core:passed
final-major-complete:old7aca:esm:minimum-contract+legacy:passed
final-major-complete:old7aca:cjs:minimum-contract+legacy:passed
final-major-complete:old94aa:compiled-namespace-minimum-contract+legacy:passed
